INFO:root:Application Started
INFO:root:Working directory: /Users/magui/.visdom
ERROR:tornado.general:Could not open static file '/Users/magui/miniconda3/lib/python3.12/site-packages/visdom/user/style.css'
INFO:tornado.access:304 GET / (::1) 21.04ms
INFO:tornado.access:304 GET /user/style.css (::1) 2.55ms
INFO:tornado.access:101 GET /socket (::1) 0.52ms
INFO:root:Opened new socket from ip: ::1
INFO:tornado.access:304 GET /static/fonts/glyphicons-halflings-regular.woff2 (::1) 5.27ms
INFO:tornado.access:200 POST /env/main (::1) 2.57ms
INFO:tornado.access:200 POST /env/main (::1) 2.67ms
ERROR:tornado.general:Could not open static file '/Users/magui/miniconda3/lib/python3.12/site-packages/visdom/user/style.css'
INFO:tornado.access:304 GET /favicon.png (::1) 6.80ms
INFO:tornado.access:200 POST /env/main (::1) 0.21ms
INFO:tornado.access:101 GET /vis_socket (::1) 0.17ms
INFO:root:Opened visdom socket from ip: ::1
INFO:tornado.access:200 POST /win_exists (::1) 0.29ms
INFO:tornado.access:200 POST /win_exists (::1) 0.16ms
INFO:tornado.access:200 POST /events (::1) 0.46ms
INFO:tornado.access:200 POST /events (::1) 3.45ms
INFO:tornado.access:200 POST /env/VAE-128k-cifar10-3x32x32 (::1) 0.64ms
INFO:tornado.access:101 GET /vis_socket (::1) 0.38ms
INFO:root:Opened visdom socket from ip: ::1
INFO:tornado.access:200 POST /events (::1) 0.32ms
INFO:tornado.access:200 POST /env/VAE-128k-cifar10-3x32x32 (::1) 0.28ms
INFO:tornado.access:101 GET /vis_socket (::1) 0.21ms
INFO:root:Opened visdom socket from ip: ::1
INFO:tornado.access:200 POST /env/VAE-128k-cifar10-3x32x32 (::1) 0.56ms
INFO:tornado.access:101 GET /vis_socket (::1) 0.27ms
INFO:root:Opened visdom socket from ip: ::1
INFO:tornado.access:200 POST /events (::1) 0.32ms
INFO:tornado.access:200 POST /env/VAE-128k-cifar10-3x32x32 (::1) 0.20ms
INFO:tornado.access:101 GET /vis_socket (::1) 0.16ms
INFO:root:Opened visdom socket from ip: ::1
INFO:tornado.access:200 POST /win_exists (::1) 0.25ms
INFO:tornado.access:200 POST /update (::1) 1.14ms
INFO:tornado.access:200 POST /env/VAE-128k-cifar10-3x32x32 (::1) 0.44ms
INFO:tornado.access:101 GET /vis_socket (::1) 0.16ms
INFO:root:Opened visdom socket from ip: ::1
INFO:tornado.access:200 POST /win_exists (::1) 0.20ms
INFO:tornado.access:200 POST /update (::1) 0.62ms
INFO:tornado.access:200 POST /env/VAE-128k-cifar10-3x32x32 (::1) 0.26ms
INFO:tornado.access:101 GET /vis_socket (::1) 0.20ms
INFO:root:Opened visdom socket from ip: ::1
INFO:tornado.access:200 POST /win_exists (::1) 0.20ms
INFO:tornado.access:200 POST /update (::1) 0.62ms
INFO:tornado.access:200 POST /env/VAE-128k-cifar10-3x32x32 (::1) 0.18ms
INFO:tornado.access:101 GET /vis_socket (::1) 0.16ms
INFO:root:Opened visdom socket from ip: ::1
INFO:tornado.access:200 POST /win_exists (::1) 0.20ms
INFO:tornado.access:200 POST /update (::1) 0.74ms
INFO:tornado.access:200 POST /env/VAE-128k-cifar10-3x32x32 (::1) 0.16ms
INFO:tornado.access:101 GET /vis_socket (::1) 0.16ms
INFO:root:Opened visdom socket from ip: ::1
INFO:tornado.access:200 POST /events (::1) 0.35ms
INFO:tornado.access:200 POST /env/VAE-128k-cifar10-3x32x32 (::1) 0.24ms
INFO:tornado.access:101 GET /vis_socket (::1) 0.27ms
INFO:root:Opened visdom socket from ip: ::1
INFO:tornado.access:200 POST /win_exists (::1) 0.19ms
INFO:tornado.access:200 POST /update (::1) 0.69ms
INFO:tornado.access:200 POST /env/VAE-128k-cifar10-3x32x32 (::1) 0.19ms
INFO:tornado.access:101 GET /vis_socket (::1) 0.22ms
INFO:root:Opened visdom socket from ip: ::1
INFO:tornado.access:200 POST /win_exists (::1) 0.19ms
INFO:tornado.access:200 POST /update (::1) 0.67ms
INFO:tornado.access:200 POST /env/VAE-128k-cifar10-3x32x32 (::1) 0.22ms
INFO:tornado.access:101 GET /vis_socket (::1) 0.15ms
INFO:root:Opened visdom socket from ip: ::1
INFO:tornado.access:200 POST /win_exists (::1) 0.20ms
INFO:tornado.access:200 POST /update (::1) 0.64ms
INFO:tornado.access:200 POST /env/VAE-128k-cifar10-3x32x32 (::1) 0.18ms
INFO:tornado.access:101 GET /vis_socket (::1) 0.15ms
INFO:root:Opened visdom socket from ip: ::1
INFO:tornado.access:200 POST /win_exists (::1) 0.20ms
INFO:tornado.access:200 POST /update (::1) 0.65ms
INFO:tornado.access:200 POST /env/VAE-128k-cifar10-3x32x32 (::1) 0.18ms
INFO:tornado.access:101 GET /vis_socket (::1) 0.22ms
INFO:root:Opened visdom socket from ip: ::1
INFO:tornado.access:200 POST /win_exists (::1) 0.19ms
INFO:tornado.access:200 POST /update (::1) 0.68ms
INFO:tornado.access:200 POST /env/VAE-128k-cifar10-3x32x32 (::1) 0.15ms
INFO:tornado.access:101 GET /vis_socket (::1) 0.17ms
INFO:root:Opened visdom socket from ip: ::1
INFO:tornado.access:200 POST /events (::1) 0.24ms
INFO:tornado.access:200 POST /env/VAE-128k-cifar10-3x32x32 (::1) 0.19ms
INFO:tornado.access:101 GET /vis_socket (::1) 0.18ms
INFO:root:Opened visdom socket from ip: ::1
INFO:tornado.access:200 POST /win_exists (::1) 0.19ms
INFO:tornado.access:200 POST /update (::1) 0.71ms
INFO:tornado.access:200 POST /env/VAE-128k-cifar10-3x32x32 (::1) 0.19ms
INFO:tornado.access:101 GET /vis_socket (::1) 0.17ms
INFO:root:Opened visdom socket from ip: ::1
INFO:tornado.access:200 POST /win_exists (::1) 0.15ms
INFO:tornado.access:200 POST /update (::1) 0.80ms
INFO:tornado.access:200 POST /env/VAE-128k-cifar10-3x32x32 (::1) 0.25ms
INFO:tornado.access:101 GET /vis_socket (::1) 0.19ms
INFO:root:Opened visdom socket from ip: ::1
INFO:tornado.access:200 POST /win_exists (::1) 0.18ms
INFO:tornado.access:200 POST /update (::1) 0.73ms
INFO:tornado.access:200 POST /env/VAE-128k-cifar10-3x32x32 (::1) 0.19ms
INFO:tornado.access:101 GET /vis_socket (::1) 0.21ms
INFO:root:Opened visdom socket from ip: ::1
INFO:tornado.access:200 POST /win_exists (::1) 0.18ms
INFO:tornado.access:200 POST /update (::1) 0.71ms
INFO:tornado.access:200 POST /env/VAE-128k-cifar10-3x32x32 (::1) 0.19ms
INFO:tornado.access:101 GET /vis_socket (::1) 0.19ms
INFO:root:Opened visdom socket from ip: ::1
INFO:tornado.access:200 POST /win_exists (::1) 0.22ms
INFO:tornado.access:200 POST /update (::1) 0.68ms
INFO:tornado.access:200 POST /env/VAE-128k-cifar10-3x32x32 (::1) 0.17ms
INFO:tornado.access:101 GET /vis_socket (::1) 0.17ms
INFO:root:Opened visdom socket from ip: ::1
INFO:tornado.access:200 POST /events (::1) 0.27ms
INFO:tornado.access:200 POST /env/VAE-128k-cifar10-3x32x32 (::1) 0.22ms
INFO:tornado.access:101 GET /vis_socket (::1) 0.17ms
INFO:root:Opened visdom socket from ip: ::1
INFO:tornado.access:200 POST /win_exists (::1) 0.18ms
INFO:tornado.access:200 POST /update (::1) 0.70ms
INFO:tornado.access:200 POST /env/VAE-128k-cifar10-3x32x32 (::1) 0.19ms
INFO:tornado.access:101 GET /vis_socket (::1) 0.22ms
INFO:root:Opened visdom socket from ip: ::1
INFO:tornado.access:200 POST /win_exists (::1) 0.19ms
INFO:tornado.access:200 POST /update (::1) 0.74ms
INFO:tornado.access:200 POST /env/VAE-128k-cifar10-3x32x32 (::1) 0.20ms
INFO:tornado.access:101 GET /vis_socket (::1) 0.15ms
INFO:root:Opened visdom socket from ip: ::1
INFO:tornado.access:200 POST /win_exists (::1) 0.20ms
INFO:tornado.access:200 POST /update (::1) 0.86ms
INFO:tornado.access:200 POST /env/VAE-128k-cifar10-3x32x32 (::1) 0.56ms
INFO:tornado.access:101 GET /vis_socket (::1) 0.30ms
INFO:root:Opened visdom socket from ip: ::1
INFO:tornado.access:200 POST /win_exists (::1) 0.22ms
INFO:tornado.access:200 POST /update (::1) 0.97ms
ERROR:tornado.general:Could not open static file '/Users/magui/miniconda3/lib/python3.12/site-packages/visdom/user/style.css'
INFO:tornado.access:200 GET / (::1) 17.15ms
INFO:tornado.access:304 GET /user/style.css (::1) 0.60ms
INFO:tornado.access:101 GET /socket (::1) 0.50ms
INFO:root:Opened new socket from ip: ::1
INFO:tornado.access:304 GET /static/fonts/glyphicons-halflings-regular.woff2 (::1) 0.95ms
INFO:tornado.access:200 POST /env/main (::1) 2.83ms
INFO:tornado.access:200 POST /env/main (::1) 1.87ms
ERROR:tornado.general:Could not open static file '/Users/magui/miniconda3/lib/python3.12/site-packages/visdom/user/style.css'
INFO:tornado.access:200 GET /favicon.png (::1) 30.48ms
INFO:tornado.access:200 POST /env/VAE-128k-cifar10-3x32x32 (::1) 0.23ms
INFO:tornado.access:101 GET /vis_socket (::1) 0.21ms
INFO:root:Opened visdom socket from ip: ::1
INFO:tornado.access:200 POST /win_exists (::1) 0.15ms
INFO:tornado.access:200 POST /update (::1) 0.74ms
INFO:tornado.access:200 POST /env/VAE-128k-cifar10-3x32x32 (::1) 0.14ms
INFO:tornado.access:101 GET /vis_socket (::1) 0.13ms
INFO:root:Opened visdom socket from ip: ::1
INFO:tornado.access:200 POST /events (::1) 0.29ms
INFO:tornado.access:200 POST /env/VAE-128k-cifar10-3x32x32 (::1) 0.22ms
INFO:tornado.access:101 GET /vis_socket (::1) 0.17ms
INFO:root:Opened visdom socket from ip: ::1
INFO:tornado.access:200 POST /win_exists (::1) 0.17ms
INFO:tornado.access:200 POST /update (::1) 0.74ms
INFO:root:comparing envs
INFO:tornado.access:200 POST /compare/VAE-128k-cifar10-3x32x32+main (::1) 0.52ms
INFO:tornado.access:200 POST /env/VAE-128k-cifar10-3x32x32 (::1) 0.18ms
INFO:tornado.access:101 GET /vis_socket (::1) 0.15ms
INFO:root:Opened visdom socket from ip: ::1
INFO:tornado.access:200 POST /win_exists (::1) 0.18ms
INFO:tornado.access:200 POST /update (::1) 0.78ms
INFO:tornado.access:200 POST /env/VAE-128k-cifar10-3x32x32 (::1) 0.24ms
INFO:tornado.access:101 GET /vis_socket (::1) 0.20ms
INFO:root:Opened visdom socket from ip: ::1
INFO:tornado.access:200 POST /win_exists (::1) 0.16ms
INFO:tornado.access:200 POST /update (::1) 0.80ms
INFO:tornado.access:200 POST /env/VAE-128k-cifar10-3x32x32 (::1) 0.59ms
INFO:tornado.access:200 POST /env/VAE-128k-cifar10-3x32x32 (::1) 0.21ms
INFO:tornado.access:101 GET /vis_socket (::1) 0.18ms
INFO:root:Opened visdom socket from ip: ::1
INFO:tornado.access:200 POST /win_exists (::1) 0.17ms
INFO:tornado.access:200 POST /update (::1) 0.92ms
INFO:tornado.access:200 POST /env/VAE-128k-cifar10-3x32x32 (::1) 0.24ms
INFO:tornado.access:101 GET /vis_socket (::1) 0.18ms
INFO:root:Opened visdom socket from ip: ::1
INFO:tornado.access:200 POST /win_exists (::1) 0.17ms
INFO:tornado.access:200 POST /update (::1) 0.82ms
INFO:tornado.access:200 POST /env/VAE-128k-cifar10-3x32x32 (::1) 0.64ms
INFO:tornado.access:200 POST /env/VAE-128k-cifar10-3x32x32 (::1) 0.62ms
INFO:tornado.access:101 GET /vis_socket (::1) 0.12ms
INFO:root:Opened visdom socket from ip: ::1
INFO:tornado.access:200 POST /events (::1) 0.51ms
INFO:tornado.access:200 POST /env/VAE-128k-cifar10-3x32x32 (::1) 0.23ms
INFO:tornado.access:101 GET /vis_socket (::1) 0.14ms
INFO:root:Opened visdom socket from ip: ::1
INFO:tornado.access:200 POST /win_exists (::1) 0.14ms
INFO:tornado.access:200 POST /update (::1) 0.85ms
INFO:tornado.access:200 POST /env/VAE-128k-cifar10-3x32x32 (::1) 0.29ms
INFO:tornado.access:101 GET /vis_socket (::1) 0.18ms
INFO:root:Opened visdom socket from ip: ::1
INFO:tornado.access:200 POST /win_exists (::1) 0.17ms
INFO:tornado.access:200 POST /update (::1) 0.93ms
INFO:tornado.access:200 POST /env/VAE-128k-cifar10-3x32x32 (::1) 0.59ms
INFO:tornado.access:200 POST /env/VAE-128k-cifar10-3x32x32 (::1) 0.25ms
INFO:tornado.access:101 GET /vis_socket (::1) 0.14ms
INFO:root:Opened visdom socket from ip: ::1
INFO:tornado.access:200 POST /win_exists (::1) 0.16ms
INFO:tornado.access:200 POST /update (::1) 0.92ms
INFO:tornado.access:200 POST /env/VAE-128k-cifar10-3x32x32 (::1) 0.25ms
INFO:tornado.access:101 GET /vis_socket (::1) 0.18ms
INFO:root:Opened visdom socket from ip: ::1
INFO:tornado.access:200 POST /win_exists (::1) 0.16ms
INFO:tornado.access:200 POST /update (::1) 0.86ms
INFO:tornado.access:200 POST /env/VAE-128k-cifar10-3x32x32 (::1) 0.58ms
INFO:tornado.access:200 POST /env/VAE-128k-cifar10-3x32x32 (::1) 0.19ms
INFO:tornado.access:101 GET /vis_socket (::1) 0.20ms
INFO:root:Opened visdom socket from ip: ::1
INFO:tornado.access:200 POST /win_exists (::1) 0.15ms
INFO:tornado.access:200 POST /update (::1) 0.86ms
INFO:tornado.access:200 POST /env/VAE-128k-cifar10-3x32x32 (::1) 0.15ms
INFO:tornado.access:101 GET /vis_socket (::1) 0.14ms
INFO:root:Opened visdom socket from ip: ::1
INFO:tornado.access:200 POST /events (::1) 0.48ms
INFO:tornado.access:200 POST /env/VAE-128k-cifar10-3x32x32 (::1) 0.32ms
INFO:tornado.access:101 GET /vis_socket (::1) 0.19ms
INFO:root:Opened visdom socket from ip: ::1
INFO:tornado.access:200 POST /win_exists (::1) 0.22ms
INFO:tornado.access:200 POST /update (::1) 1.02ms
INFO:tornado.access:200 POST /env/VAE-128k-cifar10-3x32x32 (::1) 0.74ms
INFO:root:from web client: {"cmd":"layout_item_update","eid":"VAE-128k-cifar10-3x32x32","win":"window_3debc29f20b916","data":{"i":"window_3debc29f20b916","h":27,"w":39,"x":64.48901464713714,"y":0,"moved":false,"static":false}}
INFO:tornado.access:200 POST /env/VAE-128k-cifar10-3x32x32 (::1) 0.21ms
INFO:tornado.access:101 GET /vis_socket (::1) 0.15ms
INFO:root:Opened visdom socket from ip: ::1
INFO:tornado.access:200 POST /win_exists (::1) 0.22ms
INFO:tornado.access:200 POST /update (::1) 0.91ms
INFO:tornado.access:200 POST /env/VAE-128k-cifar10-3x32x32 (::1) 0.24ms
INFO:tornado.access:101 GET /vis_socket (::1) 0.16ms
INFO:root:Opened visdom socket from ip: ::1
INFO:tornado.access:200 POST /win_exists (::1) 0.18ms
INFO:tornado.access:200 POST /update (::1) 0.94ms
INFO:tornado.access:200 POST /env/VAE-128k-cifar10-3x32x32 (::1) 0.63ms
INFO:root:from web client: {"cmd":"layout_item_update","eid":"VAE-128k-cifar10-3x32x32","win":"window_3debc1f8d5a4ba","data":{"i":"window_3debc1f8d5a4ba","h":20,"w":32,"x":0,"y":0,"moved":false,"static":false}}
INFO:tornado.access:200 POST /env/VAE-128k-cifar10-3x32x32 (::1) 0.17ms
INFO:tornado.access:101 GET /vis_socket (::1) 0.22ms
INFO:root:Opened visdom socket from ip: ::1
INFO:tornado.access:200 POST /win_exists (::1) 0.14ms
INFO:tornado.access:200 POST /update (::1) 0.90ms
INFO:root:from web client: {"cmd":"layout_item_update","eid":"VAE-128k-cifar10-3x32x32","win":"window_3debc1f8d5a4ba","data":{"i":"window_3debc1f8d5a4ba","h":29,"w":33,"x":0,"y":0,"moved":false,"static":false}}
INFO:root:from web client: {"cmd":"forward_to_vis","data":{"target":"window_3debc1f8d5a4ba","eid":"VAE-128k-cifar10-3x32x32","event_type":"Click","image_coord":{"x":336,"y":379,"visibility":"hidden"}}}
INFO:tornado.access:200 POST /env/VAE-128k-cifar10-3x32x32 (::1) 0.20ms
INFO:tornado.access:101 GET /vis_socket (::1) 0.17ms
INFO:root:Opened visdom socket from ip: ::1
INFO:tornado.access:200 POST /win_exists (::1) 0.20ms
INFO:tornado.access:200 POST /update (::1) 1.00ms
INFO:tornado.access:200 POST /env/VAE-128k-cifar10-3x32x32 (::1) 0.72ms
INFO:tornado.access:200 POST /env/VAE-128k-cifar10-3x32x32 (::1) 0.18ms
INFO:tornado.access:101 GET /vis_socket (::1) 0.19ms
INFO:root:Opened visdom socket from ip: ::1
INFO:tornado.access:200 POST /events (::1) 0.58ms
INFO:root:from web client: {"cmd":"forward_to_vis","data":{"target":"window_3debc1f8d5a4ba","eid":"VAE-128k-cifar10-3x32x32","event_type":"Click","image_coord":{"x":454,"y":334,"visibility":"hidden"}}}
INFO:tornado.access:200 POST /env/VAE-128k-cifar10-3x32x32 (::1) 0.20ms
INFO:tornado.access:101 GET /vis_socket (::1) 0.18ms
INFO:root:Opened visdom socket from ip: ::1
INFO:tornado.access:200 POST /win_exists (::1) 0.16ms
INFO:tornado.access:200 POST /update (::1) 0.90ms
INFO:root:from web client: {"cmd":"forward_to_vis","data":{"target":"window_3debc1f8d5a4ba","eid":"VAE-128k-cifar10-3x32x32","event_type":"Click","image_coord":{"x":454,"y":334,"visibility":"hidden"}}}
INFO:tornado.access:200 POST /env/VAE-128k-cifar10-3x32x32 (::1) 0.19ms
INFO:tornado.access:101 GET /vis_socket (::1) 0.21ms
INFO:root:Opened visdom socket from ip: ::1
INFO:tornado.access:200 POST /win_exists (::1) 0.22ms
INFO:tornado.access:200 POST /update (::1) 0.95ms
INFO:tornado.access:200 POST /env/VAE-128k-cifar10-3x32x32 (::1) 0.52ms
INFO:root:from web client: {"cmd":"forward_to_vis","data":{"target":"window_3debc1f8d5a4ba","eid":"VAE-128k-cifar10-3x32x32","event_type":"Click","image_coord":{"x":454,"y":334,"visibility":"hidden"}}}
INFO:tornado.access:200 POST /env/VAE-128k-cifar10-3x32x32 (::1) 0.22ms
INFO:tornado.access:101 GET /vis_socket (::1) 0.17ms
INFO:root:Opened visdom socket from ip: ::1
INFO:tornado.access:200 POST /win_exists (::1) 0.18ms
INFO:tornado.access:200 POST /update (::1) 0.94ms
INFO:tornado.access:200 POST /env/VAE-128k-cifar10-3x32x32 (::1) 0.18ms
INFO:tornado.access:101 GET /vis_socket (::1) 0.21ms
INFO:root:Opened visdom socket from ip: ::1
INFO:tornado.access:200 POST /win_exists (::1) 0.18ms
INFO:tornado.access:200 POST /update (::1) 0.94ms
INFO:tornado.access:200 POST /env/VAE-128k-cifar10-3x32x32 (::1) 0.54ms
INFO:tornado.access:200 POST /env/VAE-128k-cifar10-3x32x32 (::1) 0.18ms
INFO:tornado.access:101 GET /vis_socket (::1) 0.17ms
INFO:root:Opened visdom socket from ip: ::1
INFO:tornado.access:200 POST /win_exists (::1) 0.14ms
INFO:tornado.access:200 POST /update (::1) 0.96ms
INFO:tornado.access:200 POST /env/VAE-128k-cifar10-3x32x32 (::1) 0.13ms
INFO:tornado.access:101 GET /vis_socket (::1) 0.13ms
INFO:root:Opened visdom socket from ip: ::1
INFO:tornado.access:200 POST /events (::1) 0.49ms
INFO:root:from web client: {"cmd":"forward_to_vis","data":{"target":"window_3debc1f8d5a4ba","eid":"VAE-128k-cifar10-3x32x32","event_type":"Click","image_coord":{"x":454,"y":334,"visibility":"hidden"}}}
INFO:root:from web client: {"cmd":"forward_to_vis","data":{"target":"window_3debc1f8d5a4ba","eid":"VAE-128k-cifar10-3x32x32","event_type":"Click","image_coord":{"x":454,"y":334,"visibility":"hidden"}}}
INFO:tornado.access:200 POST /env/VAE-128k-cifar10-3x32x32 (::1) 0.20ms
INFO:tornado.access:101 GET /vis_socket (::1) 0.21ms
INFO:root:Opened visdom socket from ip: ::1
INFO:root:from web client: {"cmd":"forward_to_vis","data":{"target":"window_3debc1f8d5a4ba","eid":"VAE-128k-cifar10-3x32x32","event_type":"Click","image_coord":{"x":454,"y":334,"visibility":"hidden"}}}
INFO:tornado.access:200 POST /win_exists (::1) 0.19ms
INFO:tornado.access:200 POST /update (::1) 0.98ms
INFO:tornado.access:200 POST /env/VAE-128k-cifar10-3x32x32 (::1) 0.59ms
INFO:root:from web client: {"cmd":"forward_to_vis","data":{"target":"window_3debc1f8d5a4ba","eid":"VAE-128k-cifar10-3x32x32","event_type":"Click","image_coord":{"x":454,"y":334,"visibility":"hidden"}}}
INFO:root:from web client: {"cmd":"forward_to_vis","data":{"target":"window_3debc1f8d5a4ba","eid":"VAE-128k-cifar10-3x32x32","event_type":"Click","image_coord":{"x":454,"y":334,"visibility":"hidden"}}}
INFO:tornado.access:200 POST /env/VAE-128k-cifar10-3x32x32 (::1) 0.21ms
INFO:tornado.access:101 GET /vis_socket (::1) 0.16ms
INFO:root:Opened visdom socket from ip: ::1
INFO:tornado.access:200 POST /win_exists (::1) 0.19ms
INFO:tornado.access:200 POST /update (::1) 1.00ms
INFO:root:from web client: {"cmd":"forward_to_vis","data":{"target":"window_3debc1f8d5a4ba","eid":"VAE-128k-cifar10-3x32x32","event_type":"Click","image_coord":{"x":454,"y":334,"visibility":"hidden"}}}
INFO:root:from web client: {"cmd":"forward_to_vis","data":{"target":"window_3debc1f8d5a4ba","eid":"VAE-128k-cifar10-3x32x32","event_type":"Click","image_coord":{"x":454,"y":334,"visibility":"hidden"}}}
INFO:tornado.access:200 POST /env/VAE-128k-cifar10-3x32x32 (::1) 0.18ms
INFO:tornado.access:101 GET /vis_socket (::1) 0.18ms
INFO:root:Opened visdom socket from ip: ::1
INFO:tornado.access:200 POST /win_exists (::1) 0.16ms
INFO:tornado.access:200 POST /update (::1) 0.95ms
INFO:tornado.access:200 POST /env/VAE-128k-cifar10-3x32x32 (::1) 0.55ms
INFO:root:from web client: {"cmd":"forward_to_vis","data":{"target":"window_3debc1f8d5a4ba","eid":"VAE-128k-cifar10-3x32x32","event_type":"Click","image_coord":{"x":454,"y":334,"visibility":"hidden"}}}
INFO:root:from web client: {"cmd":"forward_to_vis","data":{"target":"window_3debc1f8d5a4ba","eid":"VAE-128k-cifar10-3x32x32","event_type":"Click","image_coord":{"x":454,"y":334,"visibility":"hidden"}}}
INFO:tornado.access:200 POST /env/VAE-128k-cifar10-3x32x32 (::1) 0.18ms
INFO:tornado.access:101 GET /vis_socket (::1) 0.20ms
INFO:root:Opened visdom socket from ip: ::1
INFO:tornado.access:200 POST /win_exists (::1) 0.18ms
INFO:tornado.access:200 POST /update (::1) 0.93ms
INFO:tornado.access:200 POST /env/VAE-128k-cifar10-3x32x32 (::1) 0.19ms
INFO:tornado.access:101 GET /vis_socket (::1) 0.16ms
INFO:root:Opened visdom socket from ip: ::1
INFO:tornado.access:200 POST /win_exists (::1) 0.16ms
INFO:tornado.access:200 POST /update (::1) 0.96ms
INFO:tornado.access:200 POST /env/VAE-128k-cifar10-3x32x32 (::1) 0.54ms
INFO:tornado.access:200 POST /env/VAE-128k-cifar10-3x32x32 (::1) 0.14ms
INFO:tornado.access:101 GET /vis_socket (::1) 0.16ms
INFO:root:Opened visdom socket from ip: ::1
INFO:tornado.access:200 POST /events (::1) 0.63ms
INFO:tornado.access:200 POST /env/VAE-128k-cifar10-3x32x32 (::1) 0.20ms
INFO:tornado.access:101 GET /vis_socket (::1) 0.19ms
INFO:root:Opened visdom socket from ip: ::1
INFO:tornado.access:200 POST /win_exists (::1) 0.22ms
INFO:tornado.access:200 POST /update (::1) 1.00ms
INFO:root:from web client: {"cmd":"layout_item_update","eid":"VAE-128k-cifar10-3x32x32","win":"window_3debc29f20b916","data":{"i":"window_3debc29f20b916","h":14,"w":18,"x":0,"y":0,"moved":false,"static":false}}
INFO:tornado.access:200 POST /env/VAE-128k-cifar10-3x32x32 (::1) 0.56ms
INFO:tornado.access:101 GET /vis_socket (::1) 0.28ms
INFO:root:Opened visdom socket from ip: ::1
INFO:tornado.access:200 POST /win_exists (::1) 0.24ms
INFO:tornado.access:200 POST /update (::1) 1.17ms
INFO:tornado.access:200 POST /env/VAE-128k-cifar10-3x32x32 (::1) 0.64ms
ERROR:tornado.general:Could not open static file '/Users/magui/miniconda3/lib/python3.12/site-packages/visdom/user/style.css'
INFO:tornado.access:304 GET /favicon.png (::1) 25.95ms
INFO:tornado.access:200 POST /env/VAE-128k-cifar10-3x32x32 (::1) 0.26ms
INFO:tornado.access:101 GET /vis_socket (::1) 0.21ms
INFO:root:Opened visdom socket from ip: ::1
INFO:tornado.access:200 POST /win_exists (::1) 0.22ms
INFO:tornado.access:200 POST /update (::1) 1.04ms
INFO:root:from web client: {"cmd":"layout_item_update","eid":"VAE-128k-cifar10-3x32x32","win":"window_3debc29f20b916","data":{"i":"window_3debc29f20b916","h":23,"w":32,"x":0,"y":0,"moved":false,"static":false}}
INFO:tornado.access:200 POST /env/VAE-128k-cifar10-3x32x32 (::1) 0.21ms
INFO:tornado.access:101 GET /vis_socket (::1) 0.18ms
INFO:root:Opened visdom socket from ip: ::1
INFO:tornado.access:200 POST /win_exists (::1) 0.15ms
INFO:tornado.access:200 POST /update (::1) 1.12ms
INFO:tornado.access:200 POST /env/VAE-128k-cifar10-3x32x32 (::1) 0.55ms
INFO:tornado.access:200 POST /env/VAE-128k-cifar10-3x32x32 (::1) 0.19ms
INFO:tornado.access:101 GET /vis_socket (::1) 0.14ms
INFO:root:Opened visdom socket from ip: ::1
INFO:tornado.access:200 POST /win_exists (::1) 0.13ms
INFO:tornado.access:200 POST /update (::1) 1.06ms
INFO:tornado.access:200 POST /env/VAE-128k-cifar10-3x32x32 (::1) 0.15ms
INFO:tornado.access:101 GET /vis_socket (::1) 0.13ms
INFO:root:Opened visdom socket from ip: ::1
INFO:tornado.access:200 POST /events (::1) 0.54ms
INFO:tornado.access:200 POST /env/VAE-128k-cifar10-3x32x32 (::1) 0.54ms
INFO:tornado.access:101 GET /vis_socket (::1) 0.29ms
INFO:root:Opened visdom socket from ip: ::1
INFO:tornado.access:200 POST /win_exists (::1) 0.19ms
INFO:tornado.access:200 POST /update (::1) 1.26ms
INFO:tornado.access:200 POST /env/VAE-128k-cifar10-3x32x32 (::1) 0.65ms
INFO:tornado.access:200 POST /env/VAE-128k-cifar10-3x32x32 (::1) 0.19ms
INFO:tornado.access:101 GET /vis_socket (::1) 0.20ms
INFO:root:Opened visdom socket from ip: ::1
INFO:tornado.access:200 POST /win_exists (::1) 0.19ms
INFO:tornado.access:200 POST /update (::1) 1.10ms
INFO:tornado.access:200 POST /env/VAE-128k-cifar10-3x32x32 (::1) 0.21ms
INFO:tornado.access:101 GET /vis_socket (::1) 0.16ms
INFO:root:Opened visdom socket from ip: ::1
INFO:tornado.access:200 POST /win_exists (::1) 0.18ms
INFO:tornado.access:200 POST /update (::1) 1.05ms
INFO:tornado.access:200 POST /env/VAE-128k-cifar10-3x32x32 (::1) 0.61ms
INFO:tornado.access:200 POST /env/VAE-128k-cifar10-3x32x32 (::1) 0.25ms
INFO:tornado.access:101 GET /vis_socket (::1) 0.16ms
INFO:root:Opened visdom socket from ip: ::1
INFO:tornado.access:200 POST /win_exists (::1) 0.19ms
INFO:tornado.access:200 POST /update (::1) 1.05ms
INFO:tornado.access:200 POST /env/VAE-128k-cifar10-3x32x32 (::1) 0.18ms
INFO:tornado.access:101 GET /vis_socket (::1) 0.16ms
INFO:root:Opened visdom socket from ip: ::1
INFO:tornado.access:200 POST /win_exists (::1) 0.17ms
INFO:tornado.access:200 POST /update (::1) 1.03ms
INFO:tornado.access:200 POST /env/VAE-128k-cifar10-3x32x32 (::1) 0.62ms
INFO:tornado.access:200 POST /env/VAE-128k-cifar10-3x32x32 (::1) 0.11ms
INFO:tornado.access:101 GET /vis_socket (::1) 0.13ms
INFO:root:Opened visdom socket from ip: ::1
INFO:tornado.access:200 POST /events (::1) 0.50ms
INFO:tornado.access:200 POST /env/VAE-128k-cifar10-3x32x32 (::1) 0.21ms
INFO:tornado.access:101 GET /vis_socket (::1) 0.17ms
INFO:root:Opened visdom socket from ip: ::1
INFO:tornado.access:200 POST /win_exists (::1) 0.26ms
INFO:tornado.access:200 POST /update (::1) 1.12ms
INFO:tornado.access:200 POST /env/VAE-128k-cifar10-3x32x32 (::1) 0.19ms
INFO:tornado.access:101 GET /vis_socket (::1) 0.18ms
INFO:root:Opened visdom socket from ip: ::1
INFO:tornado.access:200 POST /win_exists (::1) 0.20ms
INFO:tornado.access:200 POST /update (::1) 1.17ms
INFO:tornado.access:200 POST /env/VAE-128k-cifar10-3x32x32 (::1) 0.65ms
INFO:tornado.access:200 POST /env/VAE-128k-cifar10-3x32x32 (::1) 0.19ms
INFO:tornado.access:101 GET /vis_socket (::1) 0.16ms
INFO:root:Opened visdom socket from ip: ::1
INFO:tornado.access:200 POST /win_exists (::1) 0.23ms
INFO:tornado.access:200 POST /update (::1) 1.11ms
INFO:tornado.access:200 POST /env/VAE-128k-cifar10-3x32x32 (::1) 0.17ms
INFO:tornado.access:101 GET /vis_socket (::1) 0.20ms
INFO:root:Opened visdom socket from ip: ::1
INFO:tornado.access:200 POST /win_exists (::1) 0.20ms
INFO:tornado.access:200 POST /update (::1) 1.07ms
INFO:tornado.access:200 POST /env/VAE-128k-cifar10-3x32x32 (::1) 0.54ms
INFO:tornado.access:200 POST /env/VAE-128k-cifar10-3x32x32 (::1) 0.28ms
INFO:tornado.access:101 GET /vis_socket (::1) 0.18ms
INFO:root:Opened visdom socket from ip: ::1
INFO:tornado.access:200 POST /win_exists (::1) 0.21ms
INFO:tornado.access:200 POST /update (::1) 1.20ms
INFO:tornado.access:200 POST /env/VAE-128k-cifar10-3x32x32 (::1) 0.18ms
INFO:tornado.access:101 GET /vis_socket (::1) 0.15ms
INFO:root:Opened visdom socket from ip: ::1
INFO:tornado.access:200 POST /events (::1) 0.52ms
INFO:tornado.access:200 POST /env/VAE-128k-cifar10-3x32x32 (::1) 0.24ms
INFO:tornado.access:101 GET /vis_socket (::1) 0.24ms
INFO:root:Opened visdom socket from ip: ::1
INFO:tornado.access:200 POST /win_exists (::1) 0.17ms
INFO:tornado.access:200 POST /update (::1) 1.14ms
INFO:tornado.access:200 POST /env/VAE-128k-cifar10-3x32x32 (::1) 0.59ms
INFO:tornado.access:200 POST /env/VAE-128k-cifar10-3x32x32 (::1) 0.28ms
INFO:tornado.access:101 GET /vis_socket (::1) 0.23ms
INFO:root:Opened visdom socket from ip: ::1
INFO:tornado.access:200 POST /win_exists (::1) 0.21ms
INFO:tornado.access:200 POST /update (::1) 1.24ms
INFO:tornado.access:200 POST /env/VAE-128k-cifar10-3x32x32 (::1) 0.19ms
INFO:tornado.access:101 GET /vis_socket (::1) 0.15ms
INFO:root:Opened visdom socket from ip: ::1
INFO:tornado.access:200 POST /win_exists (::1) 0.19ms
INFO:tornado.access:200 POST /update (::1) 1.18ms
INFO:tornado.access:200 POST /env/VAE-128k-cifar10-3x32x32 (::1) 0.68ms
INFO:tornado.access:200 POST /env/VAE-128k-cifar10-3x32x32 (::1) 0.22ms
INFO:tornado.access:101 GET /vis_socket (::1) 0.18ms
INFO:root:Opened visdom socket from ip: ::1
INFO:tornado.access:200 POST /win_exists (::1) 0.23ms
INFO:tornado.access:200 POST /update (::1) 1.16ms
INFO:tornado.access:200 POST /env/VAE-128k-cifar10-3x32x32 (::1) 0.20ms
INFO:tornado.access:101 GET /vis_socket (::1) 0.19ms
INFO:root:Opened visdom socket from ip: ::1
INFO:tornado.access:200 POST /win_exists (::1) 0.19ms
INFO:tornado.access:200 POST /update (::1) 1.16ms
INFO:tornado.access:200 POST /env/VAE-128k-cifar10-3x32x32 (::1) 0.73ms
INFO:tornado.access:200 POST /env/VAE-128k-cifar10-3x32x32 (::1) 0.14ms
INFO:tornado.access:101 GET /vis_socket (::1) 0.12ms
INFO:root:Opened visdom socket from ip: ::1
INFO:tornado.access:200 POST /events (::1) 0.51ms
INFO:tornado.access:200 POST /env/VAE-128k-cifar10-3x32x32 (::1) 0.17ms
INFO:tornado.access:101 GET /vis_socket (::1) 0.16ms
INFO:root:Opened visdom socket from ip: ::1
INFO:tornado.access:200 POST /win_exists (::1) 0.21ms
INFO:tornado.access:200 POST /update (::1) 1.17ms
INFO:tornado.access:200 POST /env/VAE-128k-cifar10-3x32x32 (::1) 0.26ms
INFO:tornado.access:101 GET /vis_socket (::1) 0.16ms
INFO:root:Opened visdom socket from ip: ::1
INFO:tornado.access:200 POST /win_exists (::1) 0.20ms
INFO:tornado.access:200 POST /update (::1) 1.08ms
INFO:tornado.access:200 POST /env/VAE-128k-cifar10-3x32x32 (::1) 0.61ms
INFO:tornado.access:200 POST /env/VAE-128k-cifar10-3x32x32 (::1) 0.18ms
INFO:tornado.access:101 GET /vis_socket (::1) 0.23ms
INFO:root:Opened visdom socket from ip: ::1
INFO:tornado.access:200 POST /win_exists (::1) 0.21ms
INFO:tornado.access:200 POST /update (::1) 1.18ms
INFO:tornado.access:200 POST /env/VAE-128k-cifar10-3x32x32 (::1) 0.20ms
INFO:tornado.access:101 GET /vis_socket (::1) 0.14ms
INFO:root:Opened visdom socket from ip: ::1
INFO:tornado.access:200 POST /win_exists (::1) 0.20ms
INFO:tornado.access:200 POST /update (::1) 1.27ms
INFO:tornado.access:200 POST /env/VAE-128k-cifar10-3x32x32 (::1) 0.58ms
INFO:tornado.access:200 POST /env/VAE-128k-cifar10-3x32x32 (::1) 0.26ms
INFO:tornado.access:101 GET /vis_socket (::1) 0.16ms
INFO:root:Opened visdom socket from ip: ::1
INFO:tornado.access:200 POST /win_exists (::1) 0.21ms
INFO:tornado.access:200 POST /update (::1) 1.63ms
INFO:tornado.access:200 POST /env/VAE-128k-cifar10-3x32x32 (::1) 0.18ms
INFO:tornado.access:101 GET /vis_socket (::1) 0.15ms
INFO:root:Opened visdom socket from ip: ::1
INFO:tornado.access:200 POST /events (::1) 0.46ms
INFO:tornado.access:200 POST /env/VAE-128k-cifar10-3x32x32 (::1) 0.24ms
INFO:tornado.access:101 GET /vis_socket (::1) 0.22ms
INFO:root:Opened visdom socket from ip: ::1
INFO:tornado.access:200 POST /win_exists (::1) 0.18ms
INFO:tornado.access:200 POST /update (::1) 1.12ms
INFO:tornado.access:200 POST /env/VAE-128k-cifar10-3x32x32 (::1) 0.57ms
INFO:tornado.access:200 POST /env/VAE-128k-cifar10-3x32x32 (::1) 0.19ms
INFO:tornado.access:101 GET /vis_socket (::1) 0.16ms
INFO:root:Opened visdom socket from ip: ::1
INFO:tornado.access:200 POST /win_exists (::1) 0.21ms
INFO:tornado.access:200 POST /update (::1) 1.25ms
INFO:tornado.access:200 POST /env/VAE-128k-cifar10-3x32x32 (::1) 0.18ms
INFO:tornado.access:101 GET /vis_socket (::1) 0.19ms
INFO:root:Opened visdom socket from ip: ::1
INFO:tornado.access:200 POST /win_exists (::1) 0.18ms
INFO:tornado.access:200 POST /update (::1) 1.28ms
INFO:tornado.access:200 POST /env/VAE-128k-cifar10-3x32x32 (::1) 0.64ms
INFO:tornado.access:200 POST /env/VAE-128k-cifar10-3x32x32 (::1) 0.23ms
INFO:tornado.access:101 GET /vis_socket (::1) 0.18ms
INFO:root:Opened visdom socket from ip: ::1
INFO:tornado.access:200 POST /win_exists (::1) 0.23ms
INFO:tornado.access:200 POST /update (::1) 1.12ms
INFO:tornado.access:200 POST /env/VAE-128k-cifar10-3x32x32 (::1) 1.14ms
INFO:tornado.access:101 GET /vis_socket (::1) 0.75ms
INFO:root:Opened visdom socket from ip: ::1
INFO:tornado.access:200 POST /win_exists (::1) 0.17ms
INFO:tornado.access:200 POST /update (::1) 1.28ms
INFO:tornado.access:200 POST /env/VAE-128k-cifar10-3x32x32 (::1) 0.59ms
INFO:tornado.access:200 POST /env/VAE-128k-cifar10-3x32x32 (::1) 0.13ms
INFO:tornado.access:101 GET /vis_socket (::1) 0.11ms
INFO:root:Opened visdom socket from ip: ::1
INFO:tornado.access:200 POST /events (::1) 0.42ms
INFO:root:from web client: {"cmd":"layout_item_update","eid":"VAE-128k-cifar10-3x32x32","win":"window_3debc29f20b916","data":{"i":"window_3debc29f20b916","h":20,"w":58,"x":0,"y":0,"moved":false,"static":false}}
INFO:root:from web client: {"cmd":"forward_to_vis","data":{"target":"window_3debc29f20b916","eid":"VAE-128k-cifar10-3x32x32","event_type":"Click","image_coord":{"x":244,"y":260,"visibility":"hidden"}}}
INFO:tornado.access:200 POST /env/VAE-128k-cifar10-3x32x32 (::1) 0.24ms
INFO:tornado.access:101 GET /vis_socket (::1) 0.27ms
INFO:root:Opened visdom socket from ip: ::1
INFO:tornado.access:200 POST /win_exists (::1) 0.26ms
INFO:tornado.access:200 POST /update (::1) 1.20ms
INFO:root:from web client: {"cmd":"layout_item_update","eid":"VAE-128k-cifar10-3x32x32","win":"window_3debc29f20b916","data":{"i":"window_3debc29f20b916","h":32,"w":79,"x":0,"y":0,"moved":false,"static":false}}
INFO:tornado.access:200 POST /env/VAE-128k-cifar10-3x32x32 (::1) 0.20ms
INFO:tornado.access:101 GET /vis_socket (::1) 0.16ms
INFO:root:Opened visdom socket from ip: ::1
INFO:tornado.access:200 POST /win_exists (::1) 0.21ms
INFO:tornado.access:200 POST /update (::1) 1.20ms
INFO:tornado.access:200 POST /env/VAE-128k-cifar10-3x32x32 (::1) 0.67ms
INFO:tornado.access:200 POST /env/VAE-128k-cifar10-3x32x32 (::1) 0.22ms
INFO:tornado.access:101 GET /vis_socket (::1) 0.18ms
INFO:root:Opened visdom socket from ip: ::1
INFO:tornado.access:200 POST /win_exists (::1) 0.20ms
INFO:tornado.access:200 POST /update (::1) 1.27ms
INFO:root:from web client: {"cmd":"layout_item_update","eid":"VAE-128k-cifar10-3x32x32","win":"window_3debc29f20b916","data":{"i":"window_3debc29f20b916","h":31,"w":62,"x":0,"y":0,"moved":false,"static":false}}
INFO:tornado.access:200 POST /env/VAE-128k-cifar10-3x32x32 (::1) 0.20ms
INFO:tornado.access:101 GET /vis_socket (::1) 0.16ms
INFO:root:Opened visdom socket from ip: ::1
INFO:tornado.access:200 POST /win_exists (::1) 0.16ms
INFO:tornado.access:200 POST /update (::1) 1.26ms
INFO:tornado.access:200 POST /env/VAE-128k-cifar10-3x32x32 (::1) 0.59ms
INFO:tornado.access:200 POST /env/VAE-128k-cifar10-3x32x32 (::1) 0.17ms
INFO:tornado.access:101 GET /vis_socket (::1) 0.14ms
INFO:root:Opened visdom socket from ip: ::1
INFO:tornado.access:200 POST /win_exists (::1) 0.15ms
INFO:tornado.access:200 POST /update (::1) 1.25ms
INFO:tornado.access:200 POST /env/VAE-128k-cifar10-3x32x32 (::1) 0.13ms
INFO:tornado.access:101 GET /vis_socket (::1) 0.14ms
INFO:root:Opened visdom socket from ip: ::1
INFO:tornado.access:200 POST /events (::1) 0.63ms
INFO:root:from web client: {"cmd":"forward_to_vis","data":{"target":"window_3debc29f20b916","eid":"VAE-128k-cifar10-3x32x32","event_type":"Click","image_coord":{"x":1069,"y":496,"visibility":"hidden"}}}
INFO:tornado.access:200 POST /env/VAE-128k-cifar10-3x32x32 (::1) 0.19ms
INFO:tornado.access:101 GET /vis_socket (::1) 0.13ms
INFO:root:Opened visdom socket from ip: ::1
INFO:tornado.access:200 POST /win_exists (::1) 0.22ms
INFO:tornado.access:200 POST /update (::1) 1.24ms
INFO:tornado.access:200 POST /env/VAE-128k-cifar10-3x32x32 (::1) 0.63ms
INFO:tornado.access:200 POST /env/VAE-128k-cifar10-3x32x32 (::1) 0.20ms
INFO:tornado.access:101 GET /vis_socket (::1) 0.15ms
INFO:root:Opened visdom socket from ip: ::1
INFO:tornado.access:200 POST /win_exists (::1) 0.15ms
INFO:tornado.access:200 POST /update (::1) 1.21ms
INFO:tornado.access:200 POST /env/VAE-128k-cifar10-3x32x32 (::1) 0.18ms
INFO:tornado.access:101 GET /vis_socket (::1) 0.18ms
INFO:root:Opened visdom socket from ip: ::1
INFO:tornado.access:200 POST /win_exists (::1) 0.17ms
INFO:tornado.access:200 POST /update (::1) 1.27ms
INFO:tornado.access:200 POST /env/VAE-128k-cifar10-3x32x32 (::1) 0.65ms
INFO:root:from web client: {"cmd":"forward_to_vis","data":{"target":"window_3debc1f8d5a4ba","eid":"VAE-128k-cifar10-3x32x32","event_type":"Click","image_coord":{"x":1069,"y":496,"visibility":"hidden"}}}
INFO:root:from web client: {"cmd":"forward_to_vis","data":{"target":"window_3debc294d32df6","eid":"VAE-128k-cifar10-3x32x32","event_type":"Click","image_coord":{"x":1069,"y":496,"visibility":"hidden"}}}
INFO:root:from web client: {"cmd":"forward_to_vis","data":{"target":"window_3debc294d32df6","eid":"VAE-128k-cifar10-3x32x32","event_type":"Click","image_coord":{"x":1069,"y":496,"visibility":"hidden"}}}
INFO:tornado.access:200 POST /env/VAE-128k-cifar10-3x32x32 (::1) 0.24ms
INFO:tornado.access:101 GET /vis_socket (::1) 0.20ms
INFO:root:Opened visdom socket from ip: ::1
INFO:tornado.access:200 POST /win_exists (::1) 0.17ms
INFO:tornado.access:200 POST /update (::1) 1.24ms
INFO:root:from web client: {"cmd":"forward_to_vis","data":{"target":"window_3debc294d32df6","eid":"VAE-128k-cifar10-3x32x32","event_type":"Click","image_coord":{"x":1069,"y":496,"visibility":"hidden"}}}
INFO:tornado.access:200 POST /env/VAE-128k-cifar10-3x32x32 (::1) 0.25ms
INFO:tornado.access:101 GET /vis_socket (::1) 0.18ms
INFO:root:Opened visdom socket from ip: ::1
INFO:tornado.access:200 POST /win_exists (::1) 0.19ms
INFO:tornado.access:200 POST /update (::1) 2.38ms
INFO:tornado.access:200 POST /env/VAE-128k-cifar10-3x32x32 (::1) 0.95ms
INFO:tornado.access:200 POST /env/VAE-128k-cifar10-3x32x32 (::1) 0.20ms
INFO:tornado.access:101 GET /vis_socket (::1) 0.22ms
INFO:root:Opened visdom socket from ip: ::1
INFO:tornado.access:200 POST /events (::1) 0.51ms
INFO:tornado.access:200 POST /env/VAE-128k-cifar10-3x32x32 (::1) 0.18ms
INFO:tornado.access:101 GET /vis_socket (::1) 0.16ms
INFO:root:Opened visdom socket from ip: ::1
INFO:tornado.access:200 POST /win_exists (::1) 0.16ms
INFO:tornado.access:200 POST /update (::1) 1.22ms
INFO:root:from web client: {"cmd":"forward_to_vis","data":{"target":"window_3debc294d32df6","eid":"VAE-128k-cifar10-3x32x32","event_type":"Click","image_coord":{"x":1069,"y":496,"visibility":"hidden"}}}
INFO:root:from web client: {"cmd":"forward_to_vis","data":{"target":"window_3debc294d32df6","eid":"VAE-128k-cifar10-3x32x32","event_type":"Click","image_coord":{"x":1069,"y":496,"visibility":"hidden"}}}
INFO:root:from web client: {"cmd":"forward_to_vis","data":{"target":"window_3debc294d32df6","eid":"VAE-128k-cifar10-3x32x32","event_type":"Click","image_coord":{"x":1069,"y":496,"visibility":"hidden"}}}
INFO:tornado.access:200 POST /env/VAE-128k-cifar10-3x32x32 (::1) 0.23ms
INFO:tornado.access:101 GET /vis_socket (::1) 0.18ms
INFO:root:Opened visdom socket from ip: ::1
INFO:tornado.access:200 POST /win_exists (::1) 0.21ms
INFO:tornado.access:200 POST /update (::1) 1.29ms
INFO:tornado.access:200 POST /env/VAE-128k-cifar10-3x32x32 (::1) 0.76ms
INFO:root:from web client: {"cmd":"forward_to_vis","data":{"target":"window_3debc294d32df6","eid":"VAE-128k-cifar10-3x32x32","event_type":"Click","image_coord":{"x":1069,"y":496,"visibility":"hidden"}}}
INFO:root:from web client: {"cmd":"forward_to_vis","data":{"target":"window_3debc294d32df6","eid":"VAE-128k-cifar10-3x32x32","event_type":"Click","image_coord":{"x":1069,"y":496,"visibility":"hidden"}}}
INFO:root:from web client: {"cmd":"forward_to_vis","data":{"target":"window_3debc294d32df6","eid":"VAE-128k-cifar10-3x32x32","event_type":"Click","image_coord":{"x":1069,"y":496,"visibility":"hidden"}}}
INFO:root:from web client: {"cmd":"forward_to_vis","data":{"target":"window_3debc294d32df6","eid":"VAE-128k-cifar10-3x32x32","event_type":"Click","image_coord":{"x":1069,"y":496,"visibility":"hidden"}}}
INFO:root:from web client: {"cmd":"forward_to_vis","data":{"target":"window_3debc294d32df6","eid":"VAE-128k-cifar10-3x32x32","event_type":"Click","image_coord":{"x":1069,"y":496,"visibility":"hidden"}}}
INFO:root:from web client: {"cmd":"forward_to_vis","data":{"target":"window_3debc294d32df6","eid":"VAE-128k-cifar10-3x32x32","event_type":"Click","image_coord":{"x":1069,"y":496,"visibility":"hidden"}}}
INFO:tornado.access:200 POST /env/VAE-128k-cifar10-3x32x32 (::1) 0.19ms
INFO:tornado.access:101 GET /vis_socket (::1) 0.14ms
INFO:root:Opened visdom socket from ip: ::1
INFO:tornado.access:200 POST /win_exists (::1) 0.20ms
INFO:tornado.access:200 POST /update (::1) 1.25ms
INFO:root:from web client: {"cmd":"forward_to_vis","data":{"target":"window_3debc294d32df6","eid":"VAE-128k-cifar10-3x32x32","event_type":"Click","image_coord":{"x":1069,"y":496,"visibility":"hidden"}}}
INFO:tornado.access:200 POST /env/VAE-128k-cifar10-3x32x32 (::1) 0.23ms
INFO:tornado.access:101 GET /vis_socket (::1) 0.21ms
INFO:root:Opened visdom socket from ip: ::1
INFO:tornado.access:200 POST /win_exists (::1) 0.16ms
INFO:tornado.access:200 POST /update (::1) 1.37ms
INFO:tornado.access:200 POST /env/VAE-128k-cifar10-3x32x32 (::1) 0.66ms
INFO:root:from web client: {"cmd":"forward_to_vis","data":{"target":"window_3debc294d32df6","eid":"VAE-128k-cifar10-3x32x32","event_type":"Click","image_coord":{"x":1069,"y":496,"visibility":"hidden"}}}
INFO:tornado.access:200 POST /env/VAE-128k-cifar10-3x32x32 (::1) 0.21ms
INFO:tornado.access:101 GET /vis_socket (::1) 0.14ms
INFO:root:Opened visdom socket from ip: ::1
INFO:tornado.access:200 POST /win_exists (::1) 0.23ms
INFO:tornado.access:200 POST /update (::1) 1.31ms
INFO:tornado.access:200 POST /env/VAE-128k-cifar10-3x32x32 (::1) 0.18ms
INFO:tornado.access:101 GET /vis_socket (::1) 0.18ms
INFO:root:Opened visdom socket from ip: ::1
INFO:tornado.access:200 POST /events (::1) 0.66ms
INFO:tornado.access:200 POST /env/VAE-128k-cifar10-3x32x32 (::1) 0.35ms
INFO:tornado.access:101 GET /vis_socket (::1) 0.22ms
INFO:root:Opened visdom socket from ip: ::1
INFO:tornado.access:200 POST /win_exists (::1) 0.28ms
INFO:tornado.access:200 POST /update (::1) 1.36ms
INFO:tornado.access:200 POST /env/VAE-128k-cifar10-3x32x32 (::1) 0.61ms
INFO:root:from web client: {"cmd":"forward_to_vis","data":{"target":"window_3debc294d32df6","eid":"VAE-128k-cifar10-3x32x32","event_type":"Click","image_coord":{"x":1069,"y":496,"visibility":"hidden"}}}
INFO:tornado.access:200 POST /env/VAE-128k-cifar10-3x32x32 (::1) 0.20ms
INFO:tornado.access:101 GET /vis_socket (::1) 0.18ms
INFO:root:Opened visdom socket from ip: ::1
INFO:tornado.access:200 POST /win_exists (::1) 0.14ms
INFO:tornado.access:200 POST /update (::1) 1.29ms
INFO:tornado.access:200 POST /env/VAE-128k-cifar10-3x32x32 (::1) 0.20ms
INFO:tornado.access:101 GET /vis_socket (::1) 0.15ms
INFO:root:Opened visdom socket from ip: ::1
INFO:tornado.access:200 POST /win_exists (::1) 0.15ms
INFO:tornado.access:200 POST /update (::1) 1.28ms
INFO:tornado.access:200 POST /env/VAE-128k-cifar10-3x32x32 (::1) 1.48ms
INFO:root:from web client: {"cmd":"forward_to_vis","data":{"target":"window_3debc294d32df6","eid":"VAE-128k-cifar10-3x32x32","event_type":"Click","image_coord":{"x":1069,"y":496,"visibility":"hidden"}}}
INFO:tornado.access:200 POST /env/VAE-128k-cifar10-3x32x32 (::1) 0.19ms
INFO:tornado.access:101 GET /vis_socket (::1) 0.15ms
INFO:root:Opened visdom socket from ip: ::1
INFO:tornado.access:200 POST /win_exists (::1) 0.23ms
INFO:tornado.access:200 POST /update (::1) 1.39ms
INFO:tornado.access:200 POST /env/VAE-128k-cifar10-3x32x32 (::1) 0.17ms
INFO:tornado.access:101 GET /vis_socket (::1) 0.14ms
INFO:root:Opened visdom socket from ip: ::1
INFO:tornado.access:200 POST /win_exists (::1) 0.16ms
INFO:tornado.access:200 POST /update (::1) 1.32ms
INFO:tornado.access:200 POST /env/VAE-128k-cifar10-3x32x32 (::1) 0.14ms
INFO:tornado.access:200 POST /env/VAE-128k-cifar10-3x32x32 (::1) 0.63ms
INFO:tornado.access:101 GET /vis_socket (::1) 0.14ms
INFO:root:Opened visdom socket from ip: ::1
INFO:tornado.access:200 POST /events (::1) 0.53ms
INFO:root:from web client: {"cmd":"forward_to_vis","data":{"target":"window_3debc294d32df6","eid":"VAE-128k-cifar10-3x32x32","event_type":"Click","image_coord":{"x":1069,"y":496,"visibility":"hidden"}}}
INFO:tornado.access:200 POST /env/VAE-128k-cifar10-3x32x32 (::1) 0.18ms
INFO:tornado.access:101 GET /vis_socket (::1) 0.12ms
INFO:root:Opened visdom socket from ip: ::1
INFO:tornado.access:200 POST /win_exists (::1) 0.13ms
INFO:tornado.access:200 POST /update (::1) 1.25ms
INFO:tornado.access:200 POST /env/VAE-128k-cifar10-3x32x32 (::1) 0.18ms
INFO:tornado.access:101 GET /vis_socket (::1) 0.19ms
INFO:root:Opened visdom socket from ip: ::1
INFO:tornado.access:200 POST /win_exists (::1) 0.15ms
INFO:tornado.access:200 POST /update (::1) 1.41ms
INFO:tornado.access:200 POST /env/VAE-128k-cifar10-3x32x32 (::1) 0.61ms
INFO:root:from web client: {"cmd":"forward_to_vis","data":{"target":"window_3debc294d32df6","eid":"VAE-128k-cifar10-3x32x32","event_type":"Click","image_coord":{"x":1069,"y":496,"visibility":"hidden"}}}
INFO:root:from web client: {"cmd":"forward_to_vis","data":{"target":"window_3debc294d32df6","eid":"VAE-128k-cifar10-3x32x32","event_type":"Click","image_coord":{"x":1069,"y":496,"visibility":"hidden"}}}
INFO:root:from web client: {"cmd":"forward_to_vis","data":{"target":"window_3debc294d32df6","eid":"VAE-128k-cifar10-3x32x32","event_type":"Click","image_coord":{"x":1069,"y":496,"visibility":"hidden"}}}
INFO:root:from web client: {"cmd":"forward_to_vis","data":{"target":"window_3debc294d32df6","eid":"VAE-128k-cifar10-3x32x32","event_type":"Click","image_coord":{"x":1069,"y":496,"visibility":"hidden"}}}
INFO:tornado.access:200 POST /env/VAE-128k-cifar10-3x32x32 (::1) 0.19ms
INFO:tornado.access:101 GET /vis_socket (::1) 0.16ms
INFO:root:Opened visdom socket from ip: ::1
INFO:root:from web client: {"cmd":"forward_to_vis","data":{"target":"window_3debc294d32df6","eid":"VAE-128k-cifar10-3x32x32","event_type":"Click","image_coord":{"x":1069,"y":496,"visibility":"hidden"}}}
INFO:tornado.access:200 POST /win_exists (::1) 0.18ms
INFO:tornado.access:200 POST /update (::1) 1.29ms
INFO:root:from web client: {"cmd":"forward_to_vis","data":{"target":"window_3debc294d32df6","eid":"VAE-128k-cifar10-3x32x32","event_type":"Click","image_coord":{"x":1069,"y":496,"visibility":"hidden"}}}
INFO:root:from web client: {"cmd":"forward_to_vis","data":{"target":"window_3debc294d32df6","eid":"VAE-128k-cifar10-3x32x32","event_type":"Click","image_coord":{"x":1069,"y":496,"visibility":"hidden"}}}
INFO:root:from web client: {"cmd":"forward_to_vis","data":{"target":"window_3debc294d32df6","eid":"VAE-128k-cifar10-3x32x32","event_type":"Click","image_coord":{"x":1069,"y":496,"visibility":"hidden"}}}
INFO:tornado.access:200 POST /env/VAE-128k-cifar10-3x32x32 (::1) 0.20ms
INFO:tornado.access:101 GET /vis_socket (::1) 0.15ms
INFO:root:Opened visdom socket from ip: ::1
INFO:tornado.access:200 POST /win_exists (::1) 0.14ms
INFO:tornado.access:200 POST /update (::1) 1.36ms
INFO:tornado.access:200 POST /env/VAE-128k-cifar10-3x32x32 (::1) 0.69ms
INFO:root:from web client: {"cmd":"forward_to_vis","data":{"target":"window_3debc294d32df6","eid":"VAE-128k-cifar10-3x32x32","event_type":"Click","image_coord":{"x":1069,"y":496,"visibility":"hidden"}}}
INFO:tornado.access:200 POST /env/VAE-128k-cifar10-3x32x32 (::1) 0.20ms
INFO:tornado.access:101 GET /vis_socket (::1) 0.15ms
INFO:root:Opened visdom socket from ip: ::1
INFO:tornado.access:200 POST /win_exists (::1) 0.13ms
INFO:tornado.access:200 POST /update (::1) 1.25ms
INFO:tornado.access:200 POST /env/VAE-128k-cifar10-3x32x32 (::1) 0.14ms
INFO:tornado.access:101 GET /vis_socket (::1) 0.18ms
INFO:root:Opened visdom socket from ip: ::1
INFO:tornado.access:200 POST /events (::1) 0.50ms
INFO:root:from web client: {"cmd":"forward_to_vis","data":{"target":"window_3debc294d32df6","eid":"VAE-128k-cifar10-3x32x32","event_type":"Click","image_coord":{"x":1069,"y":496,"visibility":"hidden"}}}
INFO:tornado.access:200 POST /env/VAE-128k-cifar10-3x32x32 (::1) 0.18ms
INFO:tornado.access:101 GET /vis_socket (::1) 0.22ms
INFO:root:Opened visdom socket from ip: ::1
INFO:tornado.access:200 POST /win_exists (::1) 0.16ms
INFO:tornado.access:200 POST /update (::1) 1.36ms
INFO:tornado.access:200 POST /env/VAE-128k-cifar10-3x32x32 (::1) 0.65ms
INFO:root:from web client: {"cmd":"forward_to_vis","data":{"target":"window_3debc294d32df6","eid":"VAE-128k-cifar10-3x32x32","event_type":"Click","image_coord":{"x":1069,"y":496,"visibility":"hidden"}}}
INFO:tornado.access:200 POST /env/VAE-128k-cifar10-3x32x32 (::1) 0.18ms
INFO:tornado.access:101 GET /vis_socket (::1) 0.17ms
INFO:root:Opened visdom socket from ip: ::1
INFO:tornado.access:200 POST /win_exists (::1) 0.20ms
INFO:tornado.access:200 POST /update (::1) 1.32ms
INFO:root:from web client: {"cmd":"forward_to_vis","data":{"target":"window_3debc294d32df6","eid":"VAE-128k-cifar10-3x32x32","event_type":"Click","image_coord":{"x":1069,"y":496,"visibility":"hidden"}}}
INFO:root:from web client: {"cmd":"forward_to_vis","data":{"target":"window_3debc294d32df6","eid":"VAE-128k-cifar10-3x32x32","event_type":"Click","image_coord":{"x":1069,"y":496,"visibility":"hidden"}}}
INFO:root:from web client: {"cmd":"forward_to_vis","data":{"target":"window_3debc294d32df6","eid":"VAE-128k-cifar10-3x32x32","event_type":"Click","image_coord":{"x":1069,"y":496,"visibility":"hidden"}}}
INFO:tornado.access:200 POST /env/VAE-128k-cifar10-3x32x32 (::1) 0.21ms
INFO:tornado.access:101 GET /vis_socket (::1) 0.13ms
INFO:root:Opened visdom socket from ip: ::1
INFO:tornado.access:200 POST /win_exists (::1) 0.16ms
INFO:tornado.access:200 POST /update (::1) 1.35ms
INFO:tornado.access:200 POST /env/VAE-128k-cifar10-3x32x32 (::1) 0.62ms
INFO:tornado.access:200 POST /env/VAE-128k-cifar10-3x32x32 (::1) 0.24ms
INFO:tornado.access:101 GET /vis_socket (::1) 0.20ms
INFO:root:Opened visdom socket from ip: ::1
INFO:tornado.access:200 POST /win_exists (::1) 0.15ms
INFO:tornado.access:200 POST /update (::1) 1.49ms
INFO:root:from web client: {"cmd":"forward_to_vis","data":{"target":"window_3debc294d32df6","eid":"VAE-128k-cifar10-3x32x32","event_type":"Click","image_coord":{"x":1069,"y":496,"visibility":"hidden"}}}
INFO:root:from web client: {"cmd":"forward_to_vis","data":{"target":"window_3debc294d32df6","eid":"VAE-128k-cifar10-3x32x32","event_type":"Click","image_coord":{"x":1069,"y":496,"visibility":"hidden"}}}
INFO:tornado.access:200 POST /env/VAE-128k-cifar10-3x32x32 (::1) 0.21ms
INFO:tornado.access:101 GET /vis_socket (::1) 0.16ms
INFO:root:Opened visdom socket from ip: ::1
INFO:tornado.access:200 POST /win_exists (::1) 0.15ms
INFO:tornado.access:200 POST /update (::1) 1.36ms
INFO:tornado.access:200 POST /env/VAE-128k-cifar10-3x32x32 (::1) 0.12ms
INFO:tornado.access:200 POST /env/VAE-128k-cifar10-3x32x32 (::1) 0.61ms
INFO:tornado.access:101 GET /vis_socket (::1) 0.12ms
INFO:root:Opened visdom socket from ip: ::1
INFO:tornado.access:200 POST /events (::1) 0.47ms
INFO:tornado.access:200 POST /env/VAE-128k-cifar10-3x32x32 (::1) 0.22ms
INFO:tornado.access:101 GET /vis_socket (::1) 0.16ms
INFO:root:Opened visdom socket from ip: ::1
INFO:tornado.access:200 POST /win_exists (::1) 0.20ms
INFO:tornado.access:200 POST /update (::1) 1.43ms
INFO:root:from web client: {"cmd":"forward_to_vis","data":{"target":"window_3debc294d32df6","eid":"VAE-128k-cifar10-3x32x32","event_type":"Click","image_coord":{"x":1069,"y":496,"visibility":"hidden"}}}
INFO:root:from web client: {"cmd":"forward_to_vis","data":{"target":"window_3debc294d32df6","eid":"VAE-128k-cifar10-3x32x32","event_type":"Click","image_coord":{"x":1069,"y":496,"visibility":"hidden"}}}
INFO:root:from web client: {"cmd":"forward_to_vis","data":{"target":"window_3debc294d32df6","eid":"VAE-128k-cifar10-3x32x32","event_type":"Click","image_coord":{"x":1069,"y":496,"visibility":"hidden"}}}
INFO:tornado.access:200 POST /env/VAE-128k-cifar10-3x32x32 (::1) 0.20ms
INFO:tornado.access:101 GET /vis_socket (::1) 0.16ms
INFO:root:Opened visdom socket from ip: ::1
INFO:tornado.access:200 POST /win_exists (::1) 0.17ms
INFO:tornado.access:200 POST /update (::1) 1.39ms
INFO:tornado.access:200 POST /env/VAE-128k-cifar10-3x32x32 (::1) 0.60ms
INFO:root:from web client: {"cmd":"forward_to_vis","data":{"target":"window_3debc294d32df6","eid":"VAE-128k-cifar10-3x32x32","event_type":"Click","image_coord":{"x":1069,"y":496,"visibility":"hidden"}}}
INFO:tornado.access:200 POST /env/VAE-128k-cifar10-3x32x32 (::1) 0.23ms
INFO:tornado.access:101 GET /vis_socket (::1) 0.16ms
INFO:root:Opened visdom socket from ip: ::1
INFO:tornado.access:200 POST /win_exists (::1) 0.22ms
INFO:tornado.access:200 POST /update (::1) 1.42ms
INFO:root:from web client: {"cmd":"forward_to_vis","data":{"target":"window_3debc294d32df6","eid":"VAE-128k-cifar10-3x32x32","event_type":"Click","image_coord":{"x":1069,"y":496,"visibility":"hidden"}}}
INFO:root:from web client: {"cmd":"forward_to_vis","data":{"target":"window_3debc294d32df6","eid":"VAE-128k-cifar10-3x32x32","event_type":"Click","image_coord":{"x":1069,"y":496,"visibility":"hidden"}}}
INFO:tornado.access:200 POST /env/VAE-128k-cifar10-3x32x32 (::1) 0.23ms
INFO:tornado.access:101 GET /vis_socket (::1) 0.20ms
INFO:root:Opened visdom socket from ip: ::1
INFO:tornado.access:200 POST /win_exists (::1) 0.21ms
INFO:tornado.access:200 POST /update (::1) 1.41ms
INFO:tornado.access:200 POST /env/VAE-128k-cifar10-3x32x32 (::1) 0.67ms
INFO:tornado.access:200 POST /env/VAE-128k-cifar10-3x32x32 (::1) 0.18ms
INFO:tornado.access:101 GET /vis_socket (::1) 0.16ms
INFO:root:Opened visdom socket from ip: ::1
INFO:tornado.access:200 POST /win_exists (::1) 0.16ms
INFO:tornado.access:200 POST /update (::1) 1.42ms
INFO:tornado.access:200 POST /env/VAE-128k-cifar10-3x32x32 (::1) 0.12ms
INFO:tornado.access:101 GET /vis_socket (::1) 0.18ms
INFO:root:Opened visdom socket from ip: ::1
INFO:tornado.access:200 POST /events (::1) 0.52ms
INFO:root:from web client: {"cmd":"layout_item_update","eid":"VAE-128k-cifar10-3x32x32","win":"window_3debc29f20b916","data":{"i":"window_3debc29f20b916","h":28,"w":53,"x":0,"y":0,"moved":false,"static":false}}
INFO:tornado.access:200 POST /env/VAE-128k-cifar10-3x32x32 (::1) 0.49ms
INFO:tornado.access:101 GET /vis_socket (::1) 0.25ms
INFO:root:Opened visdom socket from ip: ::1
INFO:tornado.access:200 POST /win_exists (::1) 0.23ms
INFO:tornado.access:200 POST /update (::1) 1.71ms
INFO:tornado.access:200 POST /env/VAE-128k-cifar10-3x32x32 (::1) 1.14ms
INFO:tornado.access:200 POST /env/VAE-128k-cifar10-3x32x32 (::1) 0.18ms
INFO:tornado.access:101 GET /vis_socket (::1) 0.17ms
INFO:root:Opened visdom socket from ip: ::1
INFO:tornado.access:200 POST /win_exists (::1) 0.15ms
INFO:tornado.access:200 POST /update (::1) 1.47ms
INFO:tornado.access:200 POST /env/VAE-128k-cifar10-3x32x32 (::1) 0.24ms
INFO:tornado.access:101 GET /vis_socket (::1) 0.20ms
INFO:root:Opened visdom socket from ip: ::1
INFO:tornado.access:200 POST /win_exists (::1) 0.23ms
INFO:tornado.access:200 POST /update (::1) 1.62ms
INFO:tornado.access:200 POST /env/VAE-128k-cifar10-3x32x32 (::1) 0.77ms
INFO:tornado.access:200 POST /env/VAE-128k-cifar10-3x32x32 (::1) 0.29ms
INFO:tornado.access:101 GET /vis_socket (::1) 0.17ms
INFO:root:Opened visdom socket from ip: ::1
INFO:tornado.access:200 POST /win_exists (::1) 0.20ms
INFO:tornado.access:200 POST /update (::1) 1.54ms
INFO:tornado.access:200 POST /env/VAE-128k-cifar10-3x32x32 (::1) 0.21ms
INFO:tornado.access:101 GET /vis_socket (::1) 0.16ms
INFO:root:Opened visdom socket from ip: ::1
INFO:tornado.access:200 POST /win_exists (::1) 0.22ms
INFO:tornado.access:200 POST /update (::1) 1.57ms
INFO:tornado.access:200 POST /env/VAE-128k-cifar10-3x32x32 (::1) 1.15ms
INFO:tornado.access:200 POST /env/VAE-128k-cifar10-3x32x32 (::1) 0.18ms
INFO:tornado.access:101 GET /vis_socket (::1) 0.21ms
INFO:root:Opened visdom socket from ip: ::1
INFO:tornado.access:200 POST /events (::1) 0.65ms
INFO:tornado.access:200 POST /env/VAE-128k-cifar10-3x32x32 (::1) 0.31ms
INFO:tornado.access:101 GET /vis_socket (::1) 0.17ms
INFO:root:Opened visdom socket from ip: ::1
INFO:tornado.access:200 POST /win_exists (::1) 0.20ms
INFO:tornado.access:200 POST /update (::1) 1.42ms
INFO:tornado.access:200 POST /env/VAE-128k-cifar10-3x32x32 (::1) 0.21ms
INFO:tornado.access:101 GET /vis_socket (::1) 0.22ms
INFO:root:Opened visdom socket from ip: ::1
INFO:tornado.access:200 POST /win_exists (::1) 0.18ms
INFO:tornado.access:200 POST /update (::1) 1.48ms
INFO:tornado.access:200 POST /env/VAE-128k-cifar10-3x32x32 (::1) 0.68ms
INFO:tornado.access:200 POST /env/VAE-128k-cifar10-3x32x32 (::1) 0.25ms
INFO:tornado.access:101 GET /vis_socket (::1) 0.20ms
INFO:root:Opened visdom socket from ip: ::1
INFO:tornado.access:200 POST /win_exists (::1) 0.23ms
INFO:tornado.access:200 POST /update (::1) 1.46ms
INFO:tornado.access:200 POST /env/VAE-128k-cifar10-3x32x32 (::1) 0.21ms
INFO:tornado.access:101 GET /vis_socket (::1) 0.21ms
INFO:root:Opened visdom socket from ip: ::1
INFO:tornado.access:200 POST /win_exists (::1) 0.17ms
INFO:tornado.access:200 POST /update (::1) 1.52ms
INFO:tornado.access:200 POST /env/VAE-128k-cifar10-3x32x32 (::1) 0.74ms
INFO:tornado.access:200 POST /env/VAE-128k-cifar10-3x32x32 (::1) 0.19ms
INFO:tornado.access:101 GET /vis_socket (::1) 0.20ms
INFO:root:Opened visdom socket from ip: ::1
INFO:tornado.access:200 POST /win_exists (::1) 0.20ms
INFO:tornado.access:200 POST /update (::1) 1.55ms
INFO:tornado.access:200 POST /env/VAE-128k-cifar10-3x32x32 (::1) 0.17ms
INFO:tornado.access:101 GET /vis_socket (::1) 0.16ms
INFO:root:Opened visdom socket from ip: ::1
INFO:tornado.access:200 POST /events (::1) 0.56ms
INFO:tornado.access:200 POST /env/VAE-128k-cifar10-3x32x32 (::1) 0.20ms
INFO:tornado.access:101 GET /vis_socket (::1) 0.13ms
INFO:root:Opened visdom socket from ip: ::1
INFO:tornado.access:200 POST /win_exists (::1) 0.19ms
INFO:tornado.access:200 POST /update (::1) 1.53ms
INFO:tornado.access:200 POST /env/VAE-128k-cifar10-3x32x32 (::1) 0.69ms
INFO:tornado.access:200 POST /env/VAE-128k-cifar10-3x32x32 (::1) 0.20ms
INFO:tornado.access:101 GET /vis_socket (::1) 0.16ms
INFO:root:Opened visdom socket from ip: ::1
INFO:tornado.access:200 POST /win_exists (::1) 0.18ms
INFO:tornado.access:200 POST /update (::1) 1.53ms
INFO:tornado.access:200 POST /env/VAE-128k-cifar10-3x32x32 (::1) 0.18ms
INFO:tornado.access:101 GET /vis_socket (::1) 0.19ms
INFO:root:Opened visdom socket from ip: ::1
INFO:tornado.access:200 POST /win_exists (::1) 0.19ms
INFO:tornado.access:200 POST /update (::1) 1.47ms
INFO:tornado.access:200 POST /env/VAE-128k-cifar10-3x32x32 (::1) 0.82ms
INFO:tornado.access:200 POST /env/VAE-128k-cifar10-3x32x32 (::1) 0.24ms
INFO:tornado.access:101 GET /vis_socket (::1) 0.19ms
INFO:root:Opened visdom socket from ip: ::1
INFO:tornado.access:200 POST /win_exists (::1) 0.17ms
INFO:tornado.access:200 POST /update (::1) 1.45ms
INFO:tornado.access:200 POST /env/VAE-128k-cifar10-3x32x32 (::1) 0.18ms
INFO:tornado.access:101 GET /vis_socket (::1) 0.16ms
INFO:root:Opened visdom socket from ip: ::1
INFO:tornado.access:200 POST /win_exists (::1) 0.15ms
INFO:tornado.access:200 POST /update (::1) 1.53ms
INFO:tornado.access:200 POST /env/VAE-128k-cifar10-3x32x32 (::1) 0.70ms
INFO:tornado.access:200 POST /env/VAE-128k-cifar10-3x32x32 (::1) 0.14ms
INFO:tornado.access:101 GET /vis_socket (::1) 0.12ms
INFO:root:Opened visdom socket from ip: ::1
INFO:tornado.access:200 POST /events (::1) 0.52ms
INFO:tornado.access:200 POST /env/VAE-128k-cifar10-3x32x32 (::1) 0.19ms
INFO:tornado.access:101 GET /vis_socket (::1) 0.15ms
INFO:root:Opened visdom socket from ip: ::1
INFO:tornado.access:200 POST /win_exists (::1) 0.22ms
INFO:tornado.access:200 POST /update (::1) 1.59ms
INFO:tornado.access:200 POST /env/VAE-128k-cifar10-3x32x32 (::1) 0.18ms
INFO:tornado.access:101 GET /vis_socket (::1) 0.15ms
INFO:root:Opened visdom socket from ip: ::1
INFO:tornado.access:200 POST /win_exists (::1) 0.19ms
INFO:tornado.access:200 POST /update (::1) 1.71ms
INFO:tornado.access:200 POST /env/VAE-128k-cifar10-3x32x32 (::1) 0.70ms
INFO:tornado.access:200 POST /env/VAE-128k-cifar10-3x32x32 (::1) 0.20ms
INFO:tornado.access:101 GET /vis_socket (::1) 0.15ms
INFO:root:Opened visdom socket from ip: ::1
INFO:tornado.access:200 POST /win_exists (::1) 0.21ms
INFO:tornado.access:200 POST /update (::1) 1.59ms
INFO:tornado.access:200 POST /env/VAE-128k-cifar10-3x32x32 (::1) 0.21ms
INFO:tornado.access:101 GET /vis_socket (::1) 0.21ms
INFO:root:Opened visdom socket from ip: ::1
INFO:tornado.access:200 POST /win_exists (::1) 0.24ms
INFO:tornado.access:200 POST /update (::1) 1.79ms
INFO:tornado.access:200 POST /env/VAE-128k-cifar10-3x32x32 (::1) 0.68ms
INFO:tornado.access:200 POST /env/VAE-128k-cifar10-3x32x32 (::1) 0.20ms
INFO:tornado.access:101 GET /vis_socket (::1) 0.17ms
INFO:root:Opened visdom socket from ip: ::1
INFO:tornado.access:200 POST /win_exists (::1) 0.20ms
INFO:tornado.access:200 POST /update (::1) 1.50ms
INFO:tornado.access:200 POST /env/VAE-128k-cifar10-3x32x32 (::1) 0.20ms
INFO:tornado.access:101 GET /vis_socket (::1) 0.17ms
INFO:root:Opened visdom socket from ip: ::1
INFO:tornado.access:200 POST /events (::1) 0.52ms
INFO:tornado.access:200 POST /env/VAE-128k-cifar10-3x32x32 (::1) 0.20ms
INFO:tornado.access:101 GET /vis_socket (::1) 0.16ms
INFO:root:Opened visdom socket from ip: ::1
INFO:tornado.access:200 POST /win_exists (::1) 0.17ms
INFO:tornado.access:200 POST /update (::1) 1.74ms
INFO:tornado.access:200 POST /env/VAE-128k-cifar10-3x32x32 (::1) 0.73ms
INFO:tornado.access:200 POST /env/VAE-128k-cifar10-3x32x32 (::1) 0.19ms
INFO:tornado.access:101 GET /vis_socket (::1) 0.19ms
INFO:root:Opened visdom socket from ip: ::1
INFO:tornado.access:200 POST /win_exists (::1) 0.18ms
INFO:tornado.access:200 POST /update (::1) 1.65ms
INFO:tornado.access:200 POST /env/VAE-128k-cifar10-3x32x32 (::1) 0.18ms
INFO:tornado.access:101 GET /vis_socket (::1) 0.21ms
INFO:root:Opened visdom socket from ip: ::1
INFO:tornado.access:200 POST /win_exists (::1) 0.19ms
INFO:tornado.access:200 POST /update (::1) 1.61ms
INFO:tornado.access:200 POST /env/VAE-128k-cifar10-3x32x32 (::1) 0.64ms
INFO:tornado.access:200 POST /env/VAE-128k-cifar10-3x32x32 (::1) 0.19ms
INFO:tornado.access:101 GET /vis_socket (::1) 0.21ms
INFO:root:Opened visdom socket from ip: ::1
INFO:tornado.access:200 POST /win_exists (::1) 0.17ms
INFO:tornado.access:200 POST /update (::1) 1.84ms
INFO:tornado.access:200 POST /env/VAE-128k-cifar10-3x32x32 (::1) 0.18ms
INFO:tornado.access:101 GET /vis_socket (::1) 0.17ms
INFO:root:Opened visdom socket from ip: ::1
INFO:tornado.access:200 POST /win_exists (::1) 0.15ms
INFO:tornado.access:200 POST /update (::1) 1.66ms
INFO:tornado.access:200 POST /env/VAE-128k-cifar10-3x32x32 (::1) 0.73ms
INFO:tornado.access:200 POST /env/VAE-128k-cifar10-3x32x32 (::1) 0.13ms
INFO:tornado.access:101 GET /vis_socket (::1) 0.11ms
INFO:root:Opened visdom socket from ip: ::1
INFO:tornado.access:200 POST /events (::1) 0.61ms
INFO:tornado.access:200 POST /env/VAE-128k-cifar10-3x32x32 (::1) 0.19ms
INFO:tornado.access:101 GET /vis_socket (::1) 0.22ms
INFO:root:Opened visdom socket from ip: ::1
INFO:tornado.access:200 POST /win_exists (::1) 0.15ms
INFO:tornado.access:200 POST /update (::1) 1.61ms
INFO:tornado.access:200 POST /env/VAE-128k-cifar10-3x32x32 (::1) 0.23ms
INFO:tornado.access:101 GET /vis_socket (::1) 0.34ms
INFO:root:Opened visdom socket from ip: ::1
INFO:tornado.access:200 POST /win_exists (::1) 0.27ms
INFO:tornado.access:200 POST /update (::1) 1.63ms
INFO:tornado.access:200 POST /env/VAE-128k-cifar10-3x32x32 (::1) 0.78ms
INFO:tornado.access:200 POST /env/VAE-128k-cifar10-3x32x32 (::1) 0.18ms
INFO:tornado.access:101 GET /vis_socket (::1) 0.16ms
INFO:root:Opened visdom socket from ip: ::1
INFO:tornado.access:200 POST /win_exists (::1) 0.16ms
INFO:tornado.access:200 POST /update (::1) 1.64ms
INFO:tornado.access:200 POST /env/VAE-128k-cifar10-3x32x32 (::1) 0.18ms
INFO:tornado.access:101 GET /vis_socket (::1) 0.16ms
INFO:root:Opened visdom socket from ip: ::1
INFO:tornado.access:200 POST /win_exists (::1) 0.18ms
INFO:tornado.access:200 POST /update (::1) 1.61ms
INFO:tornado.access:200 POST /env/VAE-128k-cifar10-3x32x32 (::1) 0.70ms
INFO:tornado.access:200 POST /env/VAE-128k-cifar10-3x32x32 (::1) 0.19ms
INFO:tornado.access:101 GET /vis_socket (::1) 0.15ms
INFO:root:Opened visdom socket from ip: ::1
INFO:tornado.access:200 POST /win_exists (::1) 0.22ms
INFO:tornado.access:200 POST /update (::1) 1.64ms
INFO:tornado.access:200 POST /env/VAE-128k-cifar10-3x32x32 (::1) 0.15ms
INFO:tornado.access:101 GET /vis_socket (::1) 0.15ms
INFO:root:Opened visdom socket from ip: ::1
INFO:tornado.access:200 POST /events (::1) 0.57ms
INFO:root:from web client: {"cmd":"forward_to_vis","data":{"target":"window_3debc1f8d5a4ba","eid":"VAE-128k-cifar10-3x32x32","event_type":"Click","image_coord":{"x":248,"y":193,"visibility":"hidden"}}}
INFO:root:from web client: {"cmd":"forward_to_vis","data":{"target":"window_3debc1f8d5a4ba","eid":"VAE-128k-cifar10-3x32x32","event_type":"Click","image_coord":{"x":248,"y":193,"visibility":"hidden"}}}
INFO:root:from web client: {"cmd":"forward_to_vis","data":{"target":"window_3debc1f8d5a4ba","eid":"VAE-128k-cifar10-3x32x32","event_type":"Click","image_coord":{"x":248,"y":193,"visibility":"hidden"}}}
INFO:tornado.access:200 POST /env/VAE-128k-cifar10-3x32x32 (::1) 0.28ms
INFO:tornado.access:101 GET /vis_socket (::1) 0.19ms
INFO:root:Opened visdom socket from ip: ::1
INFO:tornado.access:200 POST /win_exists (::1) 0.21ms
INFO:tornado.access:200 POST /update (::1) 1.62ms
INFO:tornado.access:200 POST /env/VAE-128k-cifar10-3x32x32 (::1) 0.87ms
INFO:tornado.access:200 POST /env/VAE-128k-cifar10-3x32x32 (::1) 0.25ms
INFO:tornado.access:101 GET /vis_socket (::1) 0.17ms
INFO:root:Opened visdom socket from ip: ::1
INFO:tornado.access:200 POST /win_exists (::1) 0.15ms
INFO:tornado.access:200 POST /update (::1) 1.63ms
INFO:root:from web client: {"cmd":"forward_to_vis","data":{"target":"window_3debc1f8d5a4ba","eid":"VAE-128k-cifar10-3x32x32","event_type":"Click","image_coord":{"x":248,"y":193,"visibility":"hidden"}}}
INFO:tornado.access:200 POST /env/VAE-128k-cifar10-3x32x32 (::1) 0.20ms
INFO:tornado.access:101 GET /vis_socket (::1) 0.14ms
INFO:root:Opened visdom socket from ip: ::1
INFO:tornado.access:200 POST /win_exists (::1) 0.14ms
INFO:tornado.access:200 POST /update (::1) 1.60ms
INFO:tornado.access:200 POST /env/VAE-128k-cifar10-3x32x32 (::1) 0.72ms
INFO:root:from web client: {"cmd":"forward_to_vis","data":{"target":"window_3debc1f8d5a4ba","eid":"VAE-128k-cifar10-3x32x32","event_type":"Click","image_coord":{"x":248,"y":193,"visibility":"hidden"}}}
INFO:root:from web client: {"cmd":"forward_to_vis","data":{"target":"window_3debc1f8d5a4ba","eid":"VAE-128k-cifar10-3x32x32","event_type":"Click","image_coord":{"x":248,"y":193,"visibility":"hidden"}}}
INFO:root:from web client: {"cmd":"forward_to_vis","data":{"target":"window_3debc1f8d5a4ba","eid":"VAE-128k-cifar10-3x32x32","event_type":"Click","image_coord":{"x":248,"y":193,"visibility":"hidden"}}}
INFO:tornado.access:200 POST /env/VAE-128k-cifar10-3x32x32 (::1) 0.21ms
INFO:tornado.access:101 GET /vis_socket (::1) 0.18ms
INFO:root:Opened visdom socket from ip: ::1
INFO:tornado.access:200 POST /win_exists (::1) 0.22ms
INFO:tornado.access:200 POST /update (::1) 1.60ms
INFO:root:from web client: {"cmd":"forward_to_vis","data":{"target":"window_3debc1f8d5a4ba","eid":"VAE-128k-cifar10-3x32x32","event_type":"Click","image_coord":{"x":248,"y":193,"visibility":"hidden"}}}
INFO:root:from web client: {"cmd":"forward_to_vis","data":{"target":"window_3debc1f8d5a4ba","eid":"VAE-128k-cifar10-3x32x32","event_type":"Click","image_coord":{"x":248,"y":193,"visibility":"hidden"}}}
INFO:tornado.access:200 POST /env/VAE-128k-cifar10-3x32x32 (::1) 0.18ms
INFO:tornado.access:101 GET /vis_socket (::1) 0.13ms
INFO:root:Opened visdom socket from ip: ::1
INFO:tornado.access:200 POST /win_exists (::1) 0.12ms
INFO:tornado.access:200 POST /update (::1) 1.86ms
INFO:tornado.access:200 POST /env/VAE-128k-cifar10-3x32x32 (::1) 0.78ms
INFO:tornado.access:200 POST /env/VAE-128k-cifar10-3x32x32 (::1) 0.14ms
INFO:tornado.access:101 GET /vis_socket (::1) 0.12ms
INFO:root:Opened visdom socket from ip: ::1
INFO:tornado.access:200 POST /events (::1) 0.51ms
INFO:root:from web client: {"cmd":"forward_to_vis","data":{"target":"window_3debc1f8d5a4ba","eid":"VAE-128k-cifar10-3x32x32","event_type":"Click","image_coord":{"x":248,"y":193,"visibility":"hidden"}}}
INFO:root:from web client: {"cmd":"forward_to_vis","data":{"target":"window_3debc1f8d5a4ba","eid":"VAE-128k-cifar10-3x32x32","event_type":"Click","image_coord":{"x":248,"y":193,"visibility":"hidden"}}}
INFO:tornado.access:200 POST /env/VAE-128k-cifar10-3x32x32 (::1) 0.21ms
INFO:tornado.access:101 GET /vis_socket (::1) 0.17ms
INFO:root:Opened visdom socket from ip: ::1
INFO:tornado.access:200 POST /win_exists (::1) 0.14ms
INFO:tornado.access:200 POST /update (::1) 1.66ms
INFO:root:from web client: {"cmd":"forward_to_vis","data":{"target":"window_3debc294d32df6","eid":"VAE-128k-cifar10-3x32x32","event_type":"Click","image_coord":{"x":248,"y":193,"visibility":"hidden"}}}
INFO:root:from web client: {"cmd":"forward_to_vis","data":{"target":"window_3debc294d32df6","eid":"VAE-128k-cifar10-3x32x32","event_type":"Click","image_coord":{"x":248,"y":193,"visibility":"hidden"}}}
INFO:root:from web client: {"cmd":"forward_to_vis","data":{"target":"window_3debc294d32df6","eid":"VAE-128k-cifar10-3x32x32","event_type":"Click","image_coord":{"x":248,"y":193,"visibility":"hidden"}}}
INFO:tornado.access:200 POST /env/VAE-128k-cifar10-3x32x32 (::1) 0.20ms
INFO:tornado.access:101 GET /vis_socket (::1) 0.13ms
INFO:root:Opened visdom socket from ip: ::1
INFO:tornado.access:200 POST /win_exists (::1) 0.15ms
INFO:tornado.access:200 POST /update (::1) 1.66ms
INFO:tornado.access:200 POST /env/VAE-128k-cifar10-3x32x32 (::1) 0.72ms
INFO:root:from web client: {"cmd":"layout_item_update","eid":"VAE-128k-cifar10-3x32x32","win":"window_3debc29f20b916","data":{"i":"window_3debc29f20b916","h":28,"w":54,"x":0,"y":0,"moved":false,"static":false}}
INFO:tornado.access:200 POST /env/VAE-128k-cifar10-3x32x32 (::1) 0.20ms
INFO:tornado.access:101 GET /vis_socket (::1) 0.16ms
INFO:root:Opened visdom socket from ip: ::1
INFO:tornado.access:200 POST /win_exists (::1) 0.17ms
INFO:tornado.access:200 POST /update (::1) 1.70ms
INFO:tornado.access:200 POST /env/VAE-128k-cifar10-3x32x32 (::1) 0.19ms
INFO:tornado.access:101 GET /vis_socket (::1) 0.16ms
INFO:root:Opened visdom socket from ip: ::1
INFO:tornado.access:200 POST /win_exists (::1) 0.15ms
INFO:tornado.access:200 POST /update (::1) 1.68ms
INFO:tornado.access:200 POST /env/VAE-128k-cifar10-3x32x32 (::1) 0.78ms
INFO:tornado.access:200 POST /env/VAE-128k-cifar10-3x32x32 (::1) 0.58ms
INFO:tornado.access:101 GET /vis_socket (::1) 0.28ms
INFO:root:Opened visdom socket from ip: ::1
INFO:tornado.access:200 POST /win_exists (::1) 1.68ms
INFO:tornado.access:200 POST /update (::1) 26.16ms
INFO:tornado.access:200 POST /env/VAE-128k-cifar10-3x32x32 (::1) 0.27ms
INFO:tornado.access:101 GET /vis_socket (::1) 0.29ms
INFO:root:Opened visdom socket from ip: ::1
INFO:tornado.access:200 POST /events (::1) 0.62ms
INFO:tornado.access:200 POST /env/VAE-128k-cifar10-3x32x32 (::1) 0.20ms
INFO:tornado.access:101 GET /vis_socket (::1) 0.15ms
INFO:root:Opened visdom socket from ip: ::1
INFO:tornado.access:200 POST /win_exists (::1) 0.15ms
INFO:tornado.access:200 POST /update (::1) 1.68ms
INFO:tornado.access:200 POST /env/VAE-128k-cifar10-3x32x32 (::1) 0.93ms
INFO:tornado.access:200 POST /env/VAE-128k-cifar10-3x32x32 (::1) 0.20ms
INFO:tornado.access:101 GET /vis_socket (::1) 0.16ms
INFO:root:Opened visdom socket from ip: ::1
INFO:tornado.access:200 POST /win_exists (::1) 0.21ms
INFO:tornado.access:200 POST /update (::1) 1.74ms
INFO:tornado.access:200 POST /env/VAE-128k-cifar10-3x32x32 (::1) 0.20ms
INFO:tornado.access:101 GET /vis_socket (::1) 0.18ms
INFO:root:Opened visdom socket from ip: ::1
INFO:tornado.access:200 POST /win_exists (::1) 0.19ms
INFO:tornado.access:200 POST /update (::1) 1.69ms
INFO:tornado.access:200 POST /env/VAE-128k-cifar10-3x32x32 (::1) 0.85ms
INFO:tornado.access:200 POST /env/VAE-128k-cifar10-3x32x32 (::1) 0.20ms
INFO:tornado.access:101 GET /vis_socket (::1) 0.14ms
INFO:root:Opened visdom socket from ip: ::1
INFO:tornado.access:200 POST /win_exists (::1) 0.21ms
INFO:tornado.access:200 POST /update (::1) 1.63ms
INFO:tornado.access:200 POST /env/VAE-128k-cifar10-3x32x32 (::1) 0.21ms
INFO:tornado.access:101 GET /vis_socket (::1) 0.17ms
INFO:root:Opened visdom socket from ip: ::1
INFO:tornado.access:200 POST /win_exists (::1) 0.21ms
INFO:tornado.access:200 POST /update (::1) 1.72ms
INFO:tornado.access:200 POST /env/VAE-128k-cifar10-3x32x32 (::1) 0.32ms
INFO:tornado.access:200 POST /env/VAE-128k-cifar10-3x32x32 (::1) 0.80ms
INFO:tornado.access:101 GET /vis_socket (::1) 0.15ms
INFO:root:Opened visdom socket from ip: ::1
INFO:tornado.access:200 POST /events (::1) 0.53ms
INFO:tornado.access:200 POST /env/VAE-128k-cifar10-3x32x32 (::1) 0.24ms
INFO:tornado.access:101 GET /vis_socket (::1) 0.17ms
INFO:root:Opened visdom socket from ip: ::1
INFO:tornado.access:200 POST /win_exists (::1) 0.23ms
INFO:tornado.access:200 POST /update (::1) 1.74ms
INFO:root:from web client: {"cmd":"layout_item_update","eid":"VAE-128k-cifar10-3x32x32","win":"window_3debc29f20b916","data":{"i":"window_3debc29f20b916","h":32,"w":65,"x":0,"y":0,"moved":false,"static":false}}
INFO:root:from web client: {"cmd":"forward_to_vis","data":{"target":"window_3debc29f20b916","eid":"VAE-128k-cifar10-3x32x32","event_type":"Click","image_coord":{"x":613,"y":192,"visibility":"hidden"}}}
INFO:root:from web client: {"cmd":"forward_to_vis","data":{"target":"window_3debc29f20b916","eid":"VAE-128k-cifar10-3x32x32","event_type":"Click","image_coord":{"x":540,"y":192,"visibility":"hidden"}}}
